 __  __         ___   ___               __      __               ___       __  __
/\ \/\ \       /\_ \ /\_ \             /\ \  __/\ \             /\_ \     /\ \/\ \
\ \ \_\ \     _\//\ \\//\ \     ___    \ \ \/\ \ \ \   ___   _ _\//\ \    \_\ \ \ \
 \ \  _  \  /'__`\ \ \ \ \ \   / __`\   \ \ \ \ \ \ \ / __`\/\`'__\ \ \   /'_` \ \ \
  \ \ \ \ \/\  __/\_\ \_\_\ \_/\ \L\ \   \ \ \_/ \_\ Y\ \L\ \ \ \/ \_\ \_/\ \L\ \ \_\
   \ \_\ \_\ \____Y\____Y\____\ \____/    \ `\___x___| \____/\ \_\ /\____\ \___,_\/\_\
    \/_/\/_/\/____|/____|/____/\/___/      '\/__//__/ \/___/  \/_/ \/____/\/__,_ /\/_/


