 ,          _   _         _                    _
/|   |     | | | |       (_|   |   |_/        | |   |  |
 |___|  _  | | | | __      |   |   | __  ,_   | | __|  |
 |   |\|/  |/  |/ /  \_    |   |   |/  \/  |  |/ /  |  |
 |   |/|__/|__/|__|__/      \_/ \_/ \__/   |_/|__|_/|_/o


